// Jest Snapshot v1, https://goo.gl/fbAQLP

exports[`should render expense list item with expenses 1`] = `
<div>
  <Link
    replace={false}
    to="/edit/1"
  >
    <h3>
      rent
    </h3>
  </Link>
  <p>
    189500
    -
    1st Jan, 1970
  </p>
</div>
`;
