// Jest Snapshot v1, https://goo.gl/fbAQLP

exports[`Should render expense dashboard correctly 1`] = `
<div>
  <Connect(ExpenseListFilters) />
  <Connect(ExpenseSummary) />
  <Connect(ExpenseList) />
</div>
`;
