// Jest Snapshot v1, https://goo.gl/fbAQLP

exports[`should render loading page 1`] = `
<div
  className="loader"
>
  <img
    src="/images/30.gif"
  />
</div>
`;
