// Jest Snapshot v1, https://goo.gl/fbAQLP

exports[`should render login page 1`] = `
<div>
  <h1>
    Login page
  </h1>
  <button>
    click here to log in
  </button>
</div>
`;
